// Jest Snapshot v1, https://goo.gl/fbAQLP

exports[`formadate should render the day if the date is in this week 1`] = `"Tuesday"`;

exports[`formadate should render the month and day if date is in this year 1`] = `"Jan 1"`;

exports[`formadate should render the month day and year otherwise 1`] = `"Dec 31 2016"`;

exports[`formadate should render the time in am/pm if the date is today 1`] = `"4:04 PM"`;
