// Jest Snapshot v1, https://goo.gl/fbAQLP

exports[`formadate should render the day and the month 1`] = `"ene. 4"`;

exports[`formadate should render the day and the month 2`] = `"mar. 11"`;

exports[`formadate should render the day and the month 3`] = `"feb. 1"`;

exports[`formadate should render the day of the week 1`] = `"viernes"`;

exports[`formadate should render the day, the month and the year 1`] = `"2017 ene. 31"`;

exports[`formadate should render the day, the month and the year 2`] = `"2016 ene. 11"`;

exports[`formadate should render the time 1`] = `"10:18 pm"`;
